E:\GMU DFCA\CFRS 772\Projects\Homework 8>python hw8.py

[->]    Which JPG image would you like to download (1-3)?:
[\]     Exiting due to CTRL+C...

E:\GMU DFCA\CFRS 772\Projects\Homework 8>python hw8.py

[->]    Which JPG image would you like to download (1-3)?: 0
[\]     Retrieving file0.jpg...
[!]     Sorry, an error has occurred:
        HTTP Error 404: Not Found

E:\GMU DFCA\CFRS 772\Projects\Homework 8>python hw8.py

[->]    Which JPG image would you like to download (1-3)?: 1
[\]     Retrieving file1.jpg...
[\]     Checking file...
[\]     No appended data found in this JPG.

E:\GMU DFCA\CFRS 772\Projects\Homework 8>python hw8.py

[->]    Which JPG image would you like to download (1-3)?: 2
[\]     Retrieving file2.jpg...
[\]     Checking file...
[!]     ERROR: JPG header magic not found!

E:\GMU DFCA\CFRS 772\Projects\Homework 8>python hw8.py

[->]    Which JPG image would you like to download (1-3)?: 3
[\]     Retrieving file3.jpg...
[\]     Checking file...
[\]     Appended data discovered!
[\]     28 bytes were written to file3.jpg_appended

E:\GMU DFCA\CFRS 772\Projects\Homework 8>type file3.jpg_appended
I am data after the trailer.
